----------------------------------------------------------------
Tue Jun 30 09:29:25 IST 2026:
Booting Derby version The Apache Software Foundation - Apache Derby - 10.14.2.0 - (1828579): instance a816c00e-019f-16ae-890d-000003552c68 
on database directory C:\ProgramData\DTInvoice\fy\1778178600000-1809714600000\dtinvoice with class loader jdk.internal.loader.ClassLoaders$AppClassLoader@7ba4f24f 
Loaded from file:/D:/WS/java/DTInvoice/lib/derby.jar
java.vendor=Eclipse Adoptium
java.runtime.version=17.0.18+8
user.dir=D:\WS\java\DTInvoice
os.name=Windows 11
os.arch=amd64
os.version=10.0
derby.system.home=null
Database Class Loader started - derby.database.classpath=''
----------------------------------------------------------------
Tue Jun 30 09:29:25 IST 2026:
Shutting down instance a816c00e-019f-16ae-890d-000003552c68 on database directory C:\ProgramData\DTInvoice\fy\1778178600000-1809714600000\dtinvoice with class loader jdk.internal.loader.ClassLoaders$AppClassLoader@7ba4f24f 
----------------------------------------------------------------
Tue Jun 30 09:29:25 IST 2026:
Booting Derby version The Apache Software Foundation - Apache Derby - 10.14.2.0 - (1828579): instance 601a400f-019f-16ae-890d-000003552c68 
on database directory C:\ProgramData\DTInvoice\fy\1778178600000-1809714600000\dtinvoice with class loader jdk.internal.loader.ClassLoaders$AppClassLoader@7ba4f24f 
Loaded from file:/D:/WS/java/DTInvoice/lib/derby.jar
java.vendor=Eclipse Adoptium
java.runtime.version=17.0.18+8
user.dir=D:\WS\java\DTInvoice
os.name=Windows 11
os.arch=amd64
os.version=10.0
derby.system.home=null
Database Class Loader started - derby.database.classpath=''
